{
    "errors": [],
    "warnings": [],
    "root": {
        "kind": "BinaryExpression",
        "start": {
            "pos": 4,
            "row": 1,
            "col": 0
        },
        "end": {
            "pos": 28,
            "row": 1,
            "col": 24
        },
        "operator": ";",
        "lvalue": {
            "kind": "BinaryExpression",
            "start": {
                "pos": 4,
                "row": 1,
                "col": 0
            },
            "end": {
                "pos": 22,
                "row": 1,
                "col": 18
            },
            "operator": ";",
            "lvalue": {
                "kind": "BinaryExpression",
                "start": {
                    "pos": 4,
                    "row": 1,
                    "col": 0
                },
                "end": {
                    "pos": 17,
                    "row": 1,
                    "col": 13
                },
                "operator": ";",
                "lvalue": {
                    "kind": "BinaryExpression",
                    "start": {
                        "pos": 4,
                        "row": 1,
                        "col": 0
                    },
                    "end": {
                        "pos": 12,
                        "row": 1,
                        "col": 8
                    },
                    "operator": ";",
                    "lvalue": {
                        "kind": "Constant",
                        "start": {
                            "pos": 4,
                            "row": 1,
                            "col": 0
                        },
                        "end": {
                            "pos": 9,
                            "row": 1,
                            "col": 5
                        },
                        "name": "euler"
                    },
                    "rvalue": {
                        "kind": "Constant",
                        "start": {
                            "pos": 10,
                            "row": 1,
                            "col": 6
                        },
                        "end": {
                            "pos": 12,
                            "row": 1,
                            "col": 8
                        },
                        "name": "pi"
                    },
                    "comment": "// \n"
                },
                "rvalue": {
                    "kind": "Constant",
                    "start": {
                        "pos": 13,
                        "row": 1,
                        "col": 9
                    },
                    "end": {
                        "pos": 17,
                        "row": 1,
                        "col": 13
                    },
                    "name": "null"
                },
                "comment": "// \n"
            },
            "rvalue": {
                "kind": "Constant",
                "start": {
                    "pos": 18,
                    "row": 1,
                    "col": 14
                },
                "end": {
                    "pos": 22,
                    "row": 1,
                    "col": 18
                },
                "name": "true"
            },
            "comment": "// \n"
        },
        "rvalue": {
            "kind": "Constant",
            "start": {
                "pos": 23,
                "row": 1,
                "col": 19
            },
            "end": {
                "pos": 28,
                "row": 1,
                "col": 24
            },
            "name": "false"
        },
        "comment": "// \n"
    }
}