{
  "errors": [],
  "warnings": [],
  "root": {
    "kind": "BinaryExpression",
    "operator": ";",
    "lvalue": {
      "kind": "BinaryExpression",
      "operator": ";",
      "lvalue": {
        "kind": "BinaryExpression",
        "operator": ";",
        "lvalue": {
          "kind": "BinaryExpression",
          "operator": ";",
          "lvalue": {
            "kind": "Constant",
            "name": "euler",
            "start": {
              "pos": 4,
              "row": 1,
              "col": 0
            },
            "end": {
              "pos": 9,
              "row": 1,
              "col": 5
            }
          },
          "rvalue": {
            "kind": "Constant",
            "name": "pi",
            "start": {
              "pos": 10,
              "row": 1,
              "col": 6
            },
            "end": {
              "pos": 12,
              "row": 1,
              "col": 8
            }
          },
          "comment": "// \n",
          "start": {
            "pos": 4,
            "row": 1,
            "col": 0
          },
          "end": {
            "pos": 12,
            "row": 1,
            "col": 8
          }
        },
        "rvalue": {
          "kind": "Constant",
          "name": "null",
          "start": {
            "pos": 13,
            "row": 1,
            "col": 9
          },
          "end": {
            "pos": 17,
            "row": 1,
            "col": 13
          }
        },
        "comment": "// \n",
        "start": {
          "pos": 4,
          "row": 1,
          "col": 0
        },
        "end": {
          "pos": 17,
          "row": 1,
          "col": 13
        }
      },
      "rvalue": {
        "kind": "Constant",
        "name": "true",
        "start": {
          "pos": 18,
          "row": 1,
          "col": 14
        },
        "end": {
          "pos": 22,
          "row": 1,
          "col": 18
        }
      },
      "comment": "// \n",
      "start": {
        "pos": 4,
        "row": 1,
        "col": 0
      },
      "end": {
        "pos": 22,
        "row": 1,
        "col": 18
      }
    },
    "rvalue": {
      "kind": "Constant",
      "name": "false",
      "start": {
        "pos": 23,
        "row": 1,
        "col": 19
      },
      "end": {
        "pos": 28,
        "row": 1,
        "col": 24
      }
    },
    "comment": "// \n",
    "start": {
      "pos": 4,
      "row": 1,
      "col": 0
    },
    "end": {
      "pos": 28,
      "row": 1,
      "col": 24
    }
  }
}