{
  "errors": [],
  "warnings": [],
  "root": {
    "kind": "BinaryExpression",
    "operator": ";",
    "lvalue": {
      "kind": "BinaryExpression",
      "operator": ";",
      "lvalue": {
        "kind": "ParenthesisedExpression",
        "value": {
          "kind": "BinaryExpression",
          "operator": ";",
          "lvalue": {
            "kind": "BinaryExpression",
            "operator": ";",
            "lvalue": {
              "kind": "BinaryExpression",
              "operator": ";",
              "lvalue": {
                "kind": "BinaryExpression",
                "operator": ";",
                "lvalue": {
                  "kind": "Constant",
                  "name": "null",
                  "start": {
                    "pos": 43,
                    "row": 2,
                    "col": 4
                  },
                  "end": {
                    "pos": 47,
                    "row": 2,
                    "col": 8
                  }
                },
                "rvalue": {
                  "kind": "Constant",
                  "name": "null",
                  "start": {
                    "pos": 53,
                    "row": 3,
                    "col": 4
                  },
                  "end": {
                    "pos": 57,
                    "row": 3,
                    "col": 8
                  }
                },
                "comment": null,
                "start": {
                  "pos": 43,
                  "row": 2,
                  "col": 4
                },
                "end": {
                  "pos": 57,
                  "row": 3,
                  "col": 8
                }
              },
              "rvalue": null,
              "comment": null,
              "start": {
                "pos": 43,
                "row": 2,
                "col": 4
              },
              "end": {
                "pos": 58,
                "row": 3,
                "col": 9
              }
            },
            "rvalue": null,
            "comment": null,
            "start": {
              "pos": 43,
              "row": 2,
              "col": 4
            },
            "end": {
              "pos": 59,
              "row": 3,
              "col": 10
            }
          },
          "rvalue": null,
          "comment": null,
          "start": {
            "pos": 43,
            "row": 2,
            "col": 4
          },
          "end": {
            "pos": 60,
            "row": 3,
            "col": 11
          }
        },
        "start": {
          "pos": 37,
          "row": 1,
          "col": 0
        },
        "end": {
          "pos": 62,
          "row": 4,
          "col": 1
        }
      },
      "rvalue": {
        "kind": "FunctionExpression",
        "name": "f",
        "params": [
          {
            "kind": "BinaryExpression",
            "operator": ";",
            "lvalue": {
              "kind": "Constant",
              "name": "null",
              "start": {
                "pos": 72,
                "row": 7,
                "col": 4
              },
              "end": {
                "pos": 76,
                "row": 7,
                "col": 8
              }
            },
            "rvalue": null,
            "comment": null,
            "start": {
              "pos": 72,
              "row": 7,
              "col": 4
            },
            "end": {
              "pos": 77,
              "row": 7,
              "col": 9
            }
          },
          {
            "kind": "BinaryExpression",
            "operator": ";",
            "lvalue": {
              "kind": "Constant",
              "name": "null",
              "start": {
                "pos": 83,
                "row": 8,
                "col": 4
              },
              "end": {
                "pos": 87,
                "row": 8,
                "col": 8
              }
            },
            "rvalue": null,
            "comment": null,
            "start": {
              "pos": 83,
              "row": 8,
              "col": 4
            },
            "end": {
              "pos": 88,
              "row": 8,
              "col": 9
            }
          },
          null
        ],
        "start": {
          "pos": 65,
          "row": 6,
          "col": 0
        },
        "end": {
          "pos": 91,
          "row": 9,
          "col": 1
        }
      },
      "comment": null,
      "start": {
        "pos": 37,
        "row": 1,
        "col": 0
      },
      "end": {
        "pos": 91,
        "row": 9,
        "col": 1
      }
    },
    "rvalue": null,
    "comment": null,
    "start": {
      "pos": 37,
      "row": 1,
      "col": 0
    },
    "end": {
      "pos": 92,
      "row": 9,
      "col": 2
    }
  }
}