{
    "errors": [],
    "warnings": [],
    "root": {
        "kind": "BinaryExpression",
        "start": {
            "pos": 15,
            "row": 1,
            "col": 0
        },
        "end": {
            "pos": 106,
            "row": 6,
            "col": 6
        },
        "operator": ";",
        "lvalue": {
            "kind": "BinaryExpression",
            "start": {
                "pos": 15,
                "row": 1,
                "col": 0
            },
            "end": {
                "pos": 72,
                "row": 2,
                "col": 41
            },
            "operator": ";",
            "lvalue": {
                "kind": "StringLiteral",
                "start": {
                    "pos": 15,
                    "row": 1,
                    "col": 0
                },
                "end": {
                    "pos": 29,
                    "row": 1,
                    "col": 14
                },
                "value": "plain string"
            },
            "rvalue": {
                "kind": "StringLiteral",
                "start": {
                    "pos": 31,
                    "row": 2,
                    "col": 0
                },
                "end": {
                    "pos": 72,
                    "row": 2,
                    "col": 41
                },
                "value": "escape sequences \n \t ' \\ plain text"
            },
            "comment": "// String test\n"
        },
        "rvalue": {
            "kind": "StringLiteral",
            "start": {
                "pos": 74,
                "row": 3,
                "col": 0
            },
            "end": {
                "pos": 106,
                "row": 6,
                "col": 6
            },
            "value": "string\nspanning\nmultiple\nlines"
        },
        "comment": null
    }
}