{
  "errors": [],
  "warnings": [],
  "root": {
    "kind": "BinaryExpression",
    "operator": ";",
    "lvalue": {
      "kind": "BinaryExpression",
      "operator": ";",
      "lvalue": {
        "kind": "StringLiteral",
        "literal": "'plain string'",
        "value": "plain string",
        "start": {
          "pos": 15,
          "row": 1,
          "col": 0
        },
        "end": {
          "pos": 29,
          "row": 1,
          "col": 14
        }
      },
      "rvalue": {
        "kind": "StringLiteral",
        "literal": "'escape sequences \\n \\t \\' \\\\ plain text'",
        "value": "escape sequences \n \t ' \\ plain text",
        "start": {
          "pos": 31,
          "row": 2,
          "col": 0
        },
        "end": {
          "pos": 72,
          "row": 2,
          "col": 41
        }
      },
      "comment": "// String test\n",
      "start": {
        "pos": 15,
        "row": 1,
        "col": 0
      },
      "end": {
        "pos": 72,
        "row": 2,
        "col": 41
      }
    },
    "rvalue": {
      "kind": "StringLiteral",
      "literal": "'string\nspanning\nmultiple\nlines'",
      "value": "string\nspanning\nmultiple\nlines",
      "start": {
        "pos": 74,
        "row": 3,
        "col": 0
      },
      "end": {
        "pos": 106,
        "row": 6,
        "col": 6
      }
    },
    "comment": null,
    "start": {
      "pos": 15,
      "row": 1,
      "col": 0
    },
    "end": {
      "pos": 106,
      "row": 6,
      "col": 6
    }
  }
}