{
  "errors": [],
  "warnings": [],
  "root": {
    "kind": "BinaryExpression",
    "operator": ";",
    "lvalue": {
      "kind": "BinaryExpression",
      "operator": ";",
      "lvalue": {
        "kind": "BinaryExpression",
        "operator": ";",
        "lvalue": {
          "kind": "BinaryExpression",
          "operator": ";",
          "lvalue": {
            "kind": "NumberLiteral",
            "literal": "12345",
            "value": "12345",
            "start": {
              "pos": 16,
              "row": 1,
              "col": 0
            },
            "end": {
              "pos": 21,
              "row": 1,
              "col": 5
            }
          },
          "rvalue": {
            "kind": "NumberLiteral",
            "literal": "123.45",
            "value": 123.45,
            "start": {
              "pos": 23,
              "row": 2,
              "col": 0
            },
            "end": {
              "pos": 29,
              "row": 2,
              "col": 6
            }
          },
          "comment": "// Numbers test\n",
          "start": {
            "pos": 16,
            "row": 1,
            "col": 0
          },
          "end": {
            "pos": 29,
            "row": 2,
            "col": 6
          }
        },
        "rvalue": {
          "kind": "NumberLiteral",
          "literal": "123e12",
          "value": "123000000000000",
          "start": {
            "pos": 31,
            "row": 3,
            "col": 0
          },
          "end": {
            "pos": 37,
            "row": 3,
            "col": 7
          }
        },
        "comment": null,
        "start": {
          "pos": 16,
          "row": 1,
          "col": 0
        },
        "end": {
          "pos": 37,
          "row": 3,
          "col": 7
        }
      },
      "rvalue": {
        "kind": "NumberLiteral",
        "literal": "123e+12",
        "value": "123000000000000",
        "start": {
          "pos": 39,
          "row": 4,
          "col": 0
        },
        "end": {
          "pos": 46,
          "row": 4,
          "col": 7
        }
      },
      "comment": null,
      "start": {
        "pos": 16,
        "row": 1,
        "col": 0
      },
      "end": {
        "pos": 46,
        "row": 4,
        "col": 7
      }
    },
    "rvalue": {
      "kind": "NumberLiteral",
      "literal": "123e-12",
      "value": 1.23e-10,
      "start": {
        "pos": 48,
        "row": 5,
        "col": 0
      },
      "end": {
        "pos": 55,
        "row": 5,
        "col": 7
      }
    },
    "comment": null,
    "start": {
      "pos": 16,
      "row": 1,
      "col": 0
    },
    "end": {
      "pos": 55,
      "row": 5,
      "col": 7
    }
  }
}