{
  "errors": [],
  "warnings": [
    {
      "diagnostic": 10,
      "start": {
        "pos": 72,
        "row": 5,
        "col": 1
      },
      "end": {
        "pos": 73,
        "row": 5,
        "col": 2
      }
    },
    {
      "diagnostic": 10,
      "start": {
        "pos": 105,
        "row": 9,
        "col": 1
      },
      "end": {
        "pos": 106,
        "row": 9,
        "col": 2
      }
    }
  ],
  "root": {
    "kind": "BinaryExpression",
    "operator": ";",
    "lvalue": {
      "kind": "BinaryExpression",
      "operator": ";",
      "lvalue": {
        "kind": "BinaryExpression",
        "operator": ";",
        "lvalue": {
          "kind": "BinaryExpression",
          "operator": ";",
          "lvalue": {
            "kind": "MapLiteral",
            "params": [
              {
                "kind": "BinaryExpression",
                "operator": "->",
                "lvalue": {
                  "kind": "StringLiteral",
                  "literal": "'key1'",
                  "value": "key1",
                  "start": {
                    "pos": 24,
                    "row": 2,
                    "col": 4
                  },
                  "end": {
                    "pos": 30,
                    "row": 2,
                    "col": 10
                  }
                },
                "rvalue": {
                  "kind": "StringLiteral",
                  "literal": "'value1'",
                  "value": "value1",
                  "start": {
                    "pos": 34,
                    "row": 2,
                    "col": 14
                  },
                  "end": {
                    "pos": 42,
                    "row": 2,
                    "col": 22
                  }
                },
                "comment": null,
                "start": {
                  "pos": 24,
                  "row": 2,
                  "col": 4
                },
                "end": {
                  "pos": 42,
                  "row": 2,
                  "col": 22
                }
              },
              {
                "kind": "BinaryExpression",
                "operator": "->",
                "lvalue": {
                  "kind": "StringLiteral",
                  "literal": "'key2'",
                  "value": "key2",
                  "start": {
                    "pos": 48,
                    "row": 3,
                    "col": 4
                  },
                  "end": {
                    "pos": 54,
                    "row": 3,
                    "col": 10
                  }
                },
                "rvalue": {
                  "kind": "StringLiteral",
                  "literal": "'value2'",
                  "value": "value2",
                  "start": {
                    "pos": 58,
                    "row": 3,
                    "col": 14
                  },
                  "end": {
                    "pos": 66,
                    "row": 3,
                    "col": 22
                  }
                },
                "comment": null,
                "start": {
                  "pos": 48,
                  "row": 3,
                  "col": 4
                },
                "end": {
                  "pos": 66,
                  "row": 3,
                  "col": 22
                }
              },
              null
            ],
            "start": {
              "pos": 18,
              "row": 1,
              "col": 0
            },
            "end": {
              "pos": 69,
              "row": 4,
              "col": 1
            }
          },
          "rvalue": {
            "kind": "MapLiteral",
            "params": [
              null
            ],
            "start": {
              "pos": 71,
              "row": 5,
              "col": 0
            },
            "end": {
              "pos": 73,
              "row": 5,
              "col": 2
            }
          },
          "comment": null,
          "start": {
            "pos": 18,
            "row": 1,
            "col": 0
          },
          "end": {
            "pos": 73,
            "row": 5,
            "col": 2
          }
        },
        "rvalue": {
          "kind": "ListLiteral",
          "params": [
            {
              "kind": "StringLiteral",
              "literal": "'value1'",
              "value": "value1",
              "start": {
                "pos": 81,
                "row": 7,
                "col": 4
              },
              "end": {
                "pos": 89,
                "row": 7,
                "col": 12
              }
            },
            {
              "kind": "StringLiteral",
              "literal": "'value2'",
              "value": "value2",
              "start": {
                "pos": 91,
                "row": 7,
                "col": 14
              },
              "end": {
                "pos": 99,
                "row": 7,
                "col": 22
              }
            },
            null
          ],
          "start": {
            "pos": 75,
            "row": 6,
            "col": 0
          },
          "end": {
            "pos": 102,
            "row": 8,
            "col": 1
          }
        },
        "comment": null,
        "start": {
          "pos": 18,
          "row": 1,
          "col": 0
        },
        "end": {
          "pos": 102,
          "row": 8,
          "col": 1
        }
      },
      "rvalue": {
        "kind": "ListLiteral",
        "params": [
          null
        ],
        "start": {
          "pos": 104,
          "row": 9,
          "col": 0
        },
        "end": {
          "pos": 106,
          "row": 9,
          "col": 2
        }
      },
      "comment": null,
      "start": {
        "pos": 18,
        "row": 1,
        "col": 0
      },
      "end": {
        "pos": 106,
        "row": 9,
        "col": 2
      }
    },
    "rvalue": null,
    "comment": null,
    "start": {
      "pos": 18,
      "row": 1,
      "col": 0
    },
    "end": {
      "pos": 107,
      "row": 9,
      "col": 3
    }
  }
}