{
  "errors": [],
  "warnings": [],
  "root": {
    "kind": "BinaryExpression",
    "operator": "+",
    "lvalue": {
      "kind": "NumberLiteral",
      "literal": "1",
      "value": "1",
      "start": {
        "pos": 35,
        "row": 1,
        "col": 0
      },
      "end": {
        "pos": 36,
        "row": 1,
        "col": 1
      }
    },
    "rvalue": {
      "kind": "BinaryExpression",
      "operator": "%",
      "lvalue": {
        "kind": "BinaryExpression",
        "operator": "/",
        "lvalue": {
          "kind": "BinaryExpression",
          "operator": "*",
          "lvalue": {
            "kind": "ParenthesisedExpression",
            "value": {
              "kind": "BinaryExpression",
              "operator": "+",
              "lvalue": {
                "kind": "NumberLiteral",
                "literal": "2",
                "value": "2",
                "start": {
                  "pos": 40,
                  "row": 1,
                  "col": 5
                },
                "end": {
                  "pos": 41,
                  "row": 1,
                  "col": 6
                }
              },
              "rvalue": {
                "kind": "NumberLiteral",
                "literal": "3",
                "value": "3",
                "start": {
                  "pos": 44,
                  "row": 1,
                  "col": 9
                },
                "end": {
                  "pos": 45,
                  "row": 1,
                  "col": 10
                }
              },
              "comment": "// Binary Operator precedence test\n",
              "start": {
                "pos": 40,
                "row": 1,
                "col": 5
              },
              "end": {
                "pos": 45,
                "row": 1,
                "col": 10
              }
            },
            "start": {
              "pos": 39,
              "row": 1,
              "col": 4
            },
            "end": {
              "pos": 46,
              "row": 1,
              "col": 11
            }
          },
          "rvalue": {
            "kind": "BinaryExpression",
            "operator": "^",
            "lvalue": {
              "kind": "NumberLiteral",
              "literal": "4",
              "value": "4",
              "start": {
                "pos": 49,
                "row": 1,
                "col": 14
              },
              "end": {
                "pos": 50,
                "row": 1,
                "col": 15
              }
            },
            "rvalue": {
              "kind": "NumberLiteral",
              "literal": "5",
              "value": "5",
              "start": {
                "pos": 53,
                "row": 1,
                "col": 18
              },
              "end": {
                "pos": 54,
                "row": 1,
                "col": 19
              }
            },
            "comment": "// Binary Operator precedence test\n",
            "start": {
              "pos": 49,
              "row": 1,
              "col": 14
            },
            "end": {
              "pos": 54,
              "row": 1,
              "col": 19
            }
          },
          "comment": "// Binary Operator precedence test\n",
          "start": {
            "pos": 39,
            "row": 1,
            "col": 4
          },
          "end": {
            "pos": 54,
            "row": 1,
            "col": 19
          }
        },
        "rvalue": {
          "kind": "NumberLiteral",
          "literal": "2",
          "value": "2",
          "start": {
            "pos": 57,
            "row": 1,
            "col": 22
          },
          "end": {
            "pos": 58,
            "row": 1,
            "col": 23
          }
        },
        "comment": "// Binary Operator precedence test\n",
        "start": {
          "pos": 39,
          "row": 1,
          "col": 4
        },
        "end": {
          "pos": 58,
          "row": 1,
          "col": 23
        }
      },
      "rvalue": {
        "kind": "NumberLiteral",
        "literal": "3",
        "value": "3",
        "start": {
          "pos": 61,
          "row": 1,
          "col": 26
        },
        "end": {
          "pos": 62,
          "row": 1,
          "col": 27
        }
      },
      "comment": "// Binary Operator precedence test\n",
      "start": {
        "pos": 39,
        "row": 1,
        "col": 4
      },
      "end": {
        "pos": 62,
        "row": 1,
        "col": 27
      }
    },
    "comment": "// Binary Operator precedence test\n",
    "start": {
      "pos": 35,
      "row": 1,
      "col": 0
    },
    "end": {
      "pos": 62,
      "row": 1,
      "col": 27
    }
  }
}