{
  "errors": [],
  "warnings": [],
  "root": {
    "kind": "BinaryExpression",
    "operator": "&&",
    "lvalue": {
      "kind": "UnaryExpression",
      "operator": "!",
      "value": {
        "kind": "BinaryExpression",
        "operator": ":",
        "lvalue": {
          "kind": "Variable",
          "name": "id",
          "start": {
            "pos": 35,
            "row": 1,
            "col": 1
          },
          "end": {
            "pos": 37,
            "row": 1,
            "col": 3
          }
        },
        "rvalue": {
          "kind": "Variable",
          "name": "attr",
          "start": {
            "pos": 38,
            "row": 1,
            "col": 4
          },
          "end": {
            "pos": 43,
            "row": 1,
            "col": 9
          }
        },
        "comment": "// Unary Operator precedence test\n",
        "start": {
          "pos": 35,
          "row": 1,
          "col": 1
        },
        "end": {
          "pos": 43,
          "row": 1,
          "col": 9
        }
      },
      "start": {
        "pos": 34,
        "row": 1,
        "col": 0
      },
      "end": {
        "pos": 43,
        "row": 1,
        "col": 9
      }
    },
    "rvalue": {
      "kind": "Constant",
      "name": "true",
      "start": {
        "pos": 46,
        "row": 1,
        "col": 12
      },
      "end": {
        "pos": 50,
        "row": 1,
        "col": 16
      }
    },
    "comment": "// Unary Operator precedence test\n",
    "start": {
      "pos": 34,
      "row": 1,
      "col": 0
    },
    "end": {
      "pos": 50,
      "row": 1,
      "col": 16
    }
  }
}