{
  "errors": [],
  "warnings": [],
  "root": {
    "kind": "BinaryExpression",
    "operator": ";",
    "lvalue": {
      "kind": "BinaryExpression",
      "operator": "->",
      "lvalue": {
        "kind": "FunctionExpression",
        "name": "__config",
        "params": [
          null
        ],
        "start": {
          "pos": 66,
          "row": 3,
          "col": 0
        },
        "end": {
          "pos": 76,
          "row": 3,
          "col": 10
        }
      },
      "rvalue": {
        "kind": "ParenthesisedExpression",
        "value": {
          "kind": "FunctionExpression",
          "name": "m",
          "params": [
            {
              "kind": "FunctionExpression",
              "name": "l",
              "params": [
                {
                  "kind": "StringLiteral",
                  "literal": "'stay_loaded'",
                  "value": "stay_loaded",
                  "start": {
                    "pos": 96,
                    "row": 5,
                    "col": 8
                  },
                  "end": {
                    "pos": 109,
                    "row": 5,
                    "col": 21
                  }
                },
                {
                  "kind": "StringLiteral",
                  "literal": "'true'",
                  "value": "true",
                  "start": {
                    "pos": 110,
                    "row": 5,
                    "col": 22
                  },
                  "end": {
                    "pos": 116,
                    "row": 5,
                    "col": 28
                  }
                }
              ],
              "start": {
                "pos": 94,
                "row": 5,
                "col": 6
              },
              "end": {
                "pos": 117,
                "row": 5,
                "col": 29
              }
            }
          ],
          "start": {
            "pos": 85,
            "row": 4,
            "col": 3
          },
          "end": {
            "pos": 122,
            "row": 6,
            "col": 4
          }
        },
        "start": {
          "pos": 80,
          "row": 3,
          "col": 14
        },
        "end": {
          "pos": 124,
          "row": 7,
          "col": 1
        }
      },
      "comment": "// stay loaded\n",
      "start": {
        "pos": 66,
        "row": 3,
        "col": 0
      },
      "end": {
        "pos": 124,
        "row": 7,
        "col": 1
      }
    },
    "rvalue": {
      "kind": "BinaryExpression",
      "operator": "->",
      "lvalue": {
        "kind": "FunctionExpression",
        "name": "__on_player_dies",
        "params": [
          {
            "kind": "Variable",
            "name": "player",
            "start": {
              "pos": 144,
              "row": 9,
              "col": 17
            },
            "end": {
              "pos": 150,
              "row": 9,
              "col": 23
            }
          }
        ],
        "start": {
          "pos": 127,
          "row": 9,
          "col": 0
        },
        "end": {
          "pos": 151,
          "row": 9,
          "col": 24
        }
      },
      "rvalue": {
        "kind": "ParenthesisedExpression",
        "value": {
          "kind": "BinaryExpression",
          "operator": ";",
          "lvalue": {
            "kind": "FunctionExpression",
            "name": "if",
            "params": [
              {
                "kind": "BinaryExpression",
                "operator": "<=",
                "lvalue": {
                  "kind": "FunctionExpression",
                  "name": "rand",
                  "params": [
                    {
                      "kind": "NumberLiteral",
                      "literal": "1",
                      "value": "1",
                      "start": {
                        "pos": 167,
                        "row": 10,
                        "col": 10
                      },
                      "end": {
                        "pos": 168,
                        "row": 10,
                        "col": 11
                      }
                    }
                  ],
                  "start": {
                    "pos": 162,
                    "row": 10,
                    "col": 5
                  },
                  "end": {
                    "pos": 169,
                    "row": 10,
                    "col": 12
                  }
                },
                "rvalue": {
                  "kind": "NumberLiteral",
                  "literal": "0.3",
                  "value": 0.3,
                  "start": {
                    "pos": 173,
                    "row": 10,
                    "col": 16
                  },
                  "end": {
                    "pos": 176,
                    "row": 10,
                    "col": 19
                  }
                },
                "comment": null,
                "start": {
                  "pos": 162,
                  "row": 10,
                  "col": 5
                },
                "end": {
                  "pos": 176,
                  "row": 10,
                  "col": 19
                }
              },
              {
                "kind": "BinaryExpression",
                "operator": ";",
                "lvalue": {
                  "kind": "BinaryExpression",
                  "operator": ";",
                  "lvalue": {
                    "kind": "BinaryExpression",
                    "operator": ";",
                    "lvalue": {
                      "kind": "BinaryExpression",
                      "operator": ";",
                      "lvalue": {
                        "kind": "BinaryExpression",
                        "operator": ";",
                        "lvalue": {
                          "kind": "BinaryExpression",
                          "operator": ";",
                          "lvalue": {
                            "kind": "BinaryExpression",
                            "operator": "=",
                            "lvalue": {
                              "kind": "Variable",
                              "name": "xv",
                              "start": {
                                "pos": 182,
                                "row": 11,
                                "col": 4
                              },
                              "end": {
                                "pos": 185,
                                "row": 11,
                                "col": 7
                              }
                            },
                            "rvalue": {
                              "kind": "BinaryExpression",
                              "operator": "-",
                              "lvalue": {
                                "kind": "FunctionExpression",
                                "name": "rand",
                                "params": [
                                  {
                                    "kind": "NumberLiteral",
                                    "literal": "0.5",
                                    "value": 0.5,
                                    "start": {
                                      "pos": 192,
                                      "row": 11,
                                      "col": 14
                                    },
                                    "end": {
                                      "pos": 195,
                                      "row": 11,
                                      "col": 17
                                    }
                                  }
                                ],
                                "start": {
                                  "pos": 187,
                                  "row": 11,
                                  "col": 9
                                },
                                "end": {
                                  "pos": 196,
                                  "row": 11,
                                  "col": 18
                                }
                              },
                              "rvalue": {
                                "kind": "NumberLiteral",
                                "literal": "0.25",
                                "value": 0.25,
                                "start": {
                                  "pos": 197,
                                  "row": 11,
                                  "col": 19
                                },
                                "end": {
                                  "pos": 201,
                                  "row": 11,
                                  "col": 23
                                }
                              },
                              "comment": null,
                              "start": {
                                "pos": 187,
                                "row": 11,
                                "col": 9
                              },
                              "end": {
                                "pos": 201,
                                "row": 11,
                                "col": 23
                              }
                            },
                            "comment": null,
                            "start": {
                              "pos": 182,
                              "row": 11,
                              "col": 4
                            },
                            "end": {
                              "pos": 201,
                              "row": 11,
                              "col": 23
                            }
                          },
                          "rvalue": {
                            "kind": "BinaryExpression",
                            "operator": "=",
                            "lvalue": {
                              "kind": "Variable",
                              "name": "yv",
                              "start": {
                                "pos": 207,
                                "row": 12,
                                "col": 4
                              },
                              "end": {
                                "pos": 210,
                                "row": 12,
                                "col": 7
                              }
                            },
                            "rvalue": {
                              "kind": "FunctionExpression",
                              "name": "rand",
                              "params": [
                                {
                                  "kind": "NumberLiteral",
                                  "literal": "0.5",
                                  "value": 0.5,
                                  "start": {
                                    "pos": 217,
                                    "row": 12,
                                    "col": 14
                                  },
                                  "end": {
                                    "pos": 220,
                                    "row": 12,
                                    "col": 17
                                  }
                                }
                              ],
                              "start": {
                                "pos": 212,
                                "row": 12,
                                "col": 9
                              },
                              "end": {
                                "pos": 221,
                                "row": 12,
                                "col": 18
                              }
                            },
                            "comment": null,
                            "start": {
                              "pos": 207,
                              "row": 12,
                              "col": 4
                            },
                            "end": {
                              "pos": 221,
                              "row": 12,
                              "col": 18
                            }
                          },
                          "comment": null,
                          "start": {
                            "pos": 182,
                            "row": 11,
                            "col": 4
                          },
                          "end": {
                            "pos": 221,
                            "row": 12,
                            "col": 18
                          }
                        },
                        "rvalue": {
                          "kind": "BinaryExpression",
                          "operator": "=",
                          "lvalue": {
                            "kind": "Variable",
                            "name": "zv",
                            "start": {
                              "pos": 227,
                              "row": 13,
                              "col": 4
                            },
                            "end": {
                              "pos": 230,
                              "row": 13,
                              "col": 7
                            }
                          },
                          "rvalue": {
                            "kind": "BinaryExpression",
                            "operator": "-",
                            "lvalue": {
                              "kind": "FunctionExpression",
                              "name": "rand",
                              "params": [
                                {
                                  "kind": "NumberLiteral",
                                  "literal": "0.5",
                                  "value": 0.5,
                                  "start": {
                                    "pos": 237,
                                    "row": 13,
                                    "col": 14
                                  },
                                  "end": {
                                    "pos": 240,
                                    "row": 13,
                                    "col": 17
                                  }
                                }
                              ],
                              "start": {
                                "pos": 232,
                                "row": 13,
                                "col": 9
                              },
                              "end": {
                                "pos": 241,
                                "row": 13,
                                "col": 18
                              }
                            },
                            "rvalue": {
                              "kind": "NumberLiteral",
                              "literal": "0.25",
                              "value": 0.25,
                              "start": {
                                "pos": 242,
                                "row": 13,
                                "col": 19
                              },
                              "end": {
                                "pos": 246,
                                "row": 13,
                                "col": 23
                              }
                            },
                            "comment": null,
                            "start": {
                              "pos": 232,
                              "row": 13,
                              "col": 9
                            },
                            "end": {
                              "pos": 246,
                              "row": 13,
                              "col": 23
                            }
                          },
                          "comment": null,
                          "start": {
                            "pos": 227,
                            "row": 13,
                            "col": 4
                          },
                          "end": {
                            "pos": 246,
                            "row": 13,
                            "col": 23
                          }
                        },
                        "comment": null,
                        "start": {
                          "pos": 182,
                          "row": 11,
                          "col": 4
                        },
                        "end": {
                          "pos": 246,
                          "row": 13,
                          "col": 23
                        }
                      },
                      "rvalue": {
                        "kind": "BinaryExpression",
                        "operator": "=",
                        "lvalue": {
                          "kind": "Variable",
                          "name": "motion",
                          "start": {
                            "pos": 253,
                            "row": 15,
                            "col": 4
                          },
                          "end": {
                            "pos": 260,
                            "row": 15,
                            "col": 11
                          }
                        },
                        "rvalue": {
                          "kind": "BinaryExpression",
                          "operator": "+",
                          "lvalue": {
                            "kind": "BinaryExpression",
                            "operator": "+",
                            "lvalue": {
                              "kind": "BinaryExpression",
                              "operator": "+",
                              "lvalue": {
                                "kind": "BinaryExpression",
                                "operator": "+",
                                "lvalue": {
                                  "kind": "BinaryExpression",
                                  "operator": "+",
                                  "lvalue": {
                                    "kind": "BinaryExpression",
                                    "operator": "+",
                                    "lvalue": {
                                      "kind": "BinaryExpression",
                                      "operator": "+",
                                      "lvalue": {
                                        "kind": "StringLiteral",
                                        "literal": "'['",
                                        "value": "[",
                                        "start": {
                                          "pos": 262,
                                          "row": 15,
                                          "col": 13
                                        },
                                        "end": {
                                          "pos": 265,
                                          "row": 15,
                                          "col": 16
                                        }
                                      },
                                      "rvalue": {
                                        "kind": "Variable",
                                        "name": "xv",
                                        "start": {
                                          "pos": 268,
                                          "row": 15,
                                          "col": 19
                                        },
                                        "end": {
                                          "pos": 271,
                                          "row": 15,
                                          "col": 22
                                        }
                                      },
                                      "comment": null,
                                      "start": {
                                        "pos": 262,
                                        "row": 15,
                                        "col": 13
                                      },
                                      "end": {
                                        "pos": 271,
                                        "row": 15,
                                        "col": 22
                                      }
                                    },
                                    "rvalue": {
                                      "kind": "StringLiteral",
                                      "literal": "'d, '",
                                      "value": "d, ",
                                      "start": {
                                        "pos": 273,
                                        "row": 15,
                                        "col": 24
                                      },
                                      "end": {
                                        "pos": 278,
                                        "row": 15,
                                        "col": 29
                                      }
                                    },
                                    "comment": null,
                                    "start": {
                                      "pos": 262,
                                      "row": 15,
                                      "col": 13
                                    },
                                    "end": {
                                      "pos": 278,
                                      "row": 15,
                                      "col": 29
                                    }
                                  },
                                  "rvalue": {
                                    "kind": "Variable",
                                    "name": "yv",
                                    "start": {
                                      "pos": 281,
                                      "row": 15,
                                      "col": 32
                                    },
                                    "end": {
                                      "pos": 284,
                                      "row": 15,
                                      "col": 35
                                    }
                                  },
                                  "comment": null,
                                  "start": {
                                    "pos": 262,
                                    "row": 15,
                                    "col": 13
                                  },
                                  "end": {
                                    "pos": 284,
                                    "row": 15,
                                    "col": 35
                                  }
                                },
                                "rvalue": {
                                  "kind": "StringLiteral",
                                  "literal": "'d, '",
                                  "value": "d, ",
                                  "start": {
                                    "pos": 286,
                                    "row": 15,
                                    "col": 37
                                  },
                                  "end": {
                                    "pos": 291,
                                    "row": 15,
                                    "col": 42
                                  }
                                },
                                "comment": null,
                                "start": {
                                  "pos": 262,
                                  "row": 15,
                                  "col": 13
                                },
                                "end": {
                                  "pos": 291,
                                  "row": 15,
                                  "col": 42
                                }
                              },
                              "rvalue": {
                                "kind": "Variable",
                                "name": "zv",
                                "start": {
                                  "pos": 294,
                                  "row": 15,
                                  "col": 45
                                },
                                "end": {
                                  "pos": 297,
                                  "row": 15,
                                  "col": 48
                                }
                              },
                              "comment": null,
                              "start": {
                                "pos": 262,
                                "row": 15,
                                "col": 13
                              },
                              "end": {
                                "pos": 297,
                                "row": 15,
                                "col": 48
                              }
                            },
                            "rvalue": {
                              "kind": "StringLiteral",
                              "literal": "'d'",
                              "value": "d",
                              "start": {
                                "pos": 299,
                                "row": 15,
                                "col": 50
                              },
                              "end": {
                                "pos": 302,
                                "row": 15,
                                "col": 53
                              }
                            },
                            "comment": null,
                            "start": {
                              "pos": 262,
                              "row": 15,
                              "col": 13
                            },
                            "end": {
                              "pos": 302,
                              "row": 15,
                              "col": 53
                            }
                          },
                          "rvalue": {
                            "kind": "StringLiteral",
                            "literal": "']'",
                            "value": "]",
                            "start": {
                              "pos": 305,
                              "row": 15,
                              "col": 56
                            },
                            "end": {
                              "pos": 308,
                              "row": 15,
                              "col": 59
                            }
                          },
                          "comment": null,
                          "start": {
                            "pos": 262,
                            "row": 15,
                            "col": 13
                          },
                          "end": {
                            "pos": 308,
                            "row": 15,
                            "col": 59
                          }
                        },
                        "comment": null,
                        "start": {
                          "pos": 253,
                          "row": 15,
                          "col": 4
                        },
                        "end": {
                          "pos": 308,
                          "row": 15,
                          "col": 59
                        }
                      },
                      "comment": null,
                      "start": {
                        "pos": 182,
                        "row": 11,
                        "col": 4
                      },
                      "end": {
                        "pos": 308,
                        "row": 15,
                        "col": 59
                      }
                    },
                    "rvalue": {
                      "kind": "BinaryExpression",
                      "operator": "=",
                      "lvalue": {
                        "kind": "Variable",
                        "name": "data",
                        "start": {
                          "pos": 314,
                          "row": 16,
                          "col": 4
                        },
                        "end": {
                          "pos": 319,
                          "row": 16,
                          "col": 9
                        }
                      },
                      "rvalue": {
                        "kind": "BinaryExpression",
                        "operator": "+",
                        "lvalue": {
                          "kind": "BinaryExpression",
                          "operator": "+",
                          "lvalue": {
                            "kind": "BinaryExpression",
                            "operator": "+",
                            "lvalue": {
                              "kind": "BinaryExpression",
                              "operator": "+",
                              "lvalue": {
                                "kind": "StringLiteral",
                                "literal": "'{Motion: '",
                                "value": "{Motion: ",
                                "start": {
                                  "pos": 321,
                                  "row": 16,
                                  "col": 11
                                },
                                "end": {
                                  "pos": 332,
                                  "row": 16,
                                  "col": 22
                                }
                              },
                              "rvalue": {
                                "kind": "Variable",
                                "name": "motion",
                                "start": {
                                  "pos": 335,
                                  "row": 16,
                                  "col": 25
                                },
                                "end": {
                                  "pos": 342,
                                  "row": 16,
                                  "col": 32
                                }
                              },
                              "comment": null,
                              "start": {
                                "pos": 321,
                                "row": 16,
                                "col": 11
                              },
                              "end": {
                                "pos": 342,
                                "row": 16,
                                "col": 32
                              }
                            },
                            "rvalue": {
                              "kind": "StringLiteral",
                              "literal": "', Item: {id: \"minecraft:player_head\", Count:1b, tag:{SkullOwner: \"'",
                              "value": ", Item: {id: \"minecraft:player_head\", Count:1b, tag:{SkullOwner: \"",
                              "start": {
                                "pos": 344,
                                "row": 16,
                                "col": 34
                              },
                              "end": {
                                "pos": 412,
                                "row": 16,
                                "col": 102
                              }
                            },
                            "comment": null,
                            "start": {
                              "pos": 321,
                              "row": 16,
                              "col": 11
                            },
                            "end": {
                              "pos": 412,
                              "row": 16,
                              "col": 102
                            }
                          },
                          "rvalue": {
                            "kind": "Variable",
                            "name": "player",
                            "start": {
                              "pos": 415,
                              "row": 16,
                              "col": 105
                            },
                            "end": {
                              "pos": 422,
                              "row": 16,
                              "col": 112
                            }
                          },
                          "comment": null,
                          "start": {
                            "pos": 321,
                            "row": 16,
                            "col": 11
                          },
                          "end": {
                            "pos": 422,
                            "row": 16,
                            "col": 112
                          }
                        },
                        "rvalue": {
                          "kind": "StringLiteral",
                          "literal": "'\"}}}, PickupDelay: 3s'",
                          "value": "\"}}}, PickupDelay: 3s",
                          "start": {
                            "pos": 424,
                            "row": 16,
                            "col": 114
                          },
                          "end": {
                            "pos": 447,
                            "row": 16,
                            "col": 137
                          }
                        },
                        "comment": null,
                        "start": {
                          "pos": 321,
                          "row": 16,
                          "col": 11
                        },
                        "end": {
                          "pos": 447,
                          "row": 16,
                          "col": 137
                        }
                      },
                      "comment": null,
                      "start": {
                        "pos": 314,
                        "row": 16,
                        "col": 4
                      },
                      "end": {
                        "pos": 447,
                        "row": 16,
                        "col": 137
                      }
                    },
                    "comment": null,
                    "start": {
                      "pos": 182,
                      "row": 11,
                      "col": 4
                    },
                    "end": {
                      "pos": 447,
                      "row": 16,
                      "col": 137
                    }
                  },
                  "rvalue": {
                    "kind": "FunctionExpression",
                    "name": "spawn",
                    "params": [
                      {
                        "kind": "StringLiteral",
                        "literal": "'item'",
                        "value": "item",
                        "start": {
                          "pos": 459,
                          "row": 17,
                          "col": 10
                        },
                        "end": {
                          "pos": 465,
                          "row": 17,
                          "col": 16
                        }
                      },
                      {
                        "kind": "FunctionExpression",
                        "name": "pos",
                        "params": [
                          {
                            "kind": "Variable",
                            "name": "player",
                            "start": {
                              "pos": 471,
                              "row": 17,
                              "col": 22
                            },
                            "end": {
                              "pos": 477,
                              "row": 17,
                              "col": 28
                            }
                          }
                        ],
                        "start": {
                          "pos": 467,
                          "row": 17,
                          "col": 18
                        },
                        "end": {
                          "pos": 478,
                          "row": 17,
                          "col": 29
                        }
                      },
                      {
                        "kind": "Variable",
                        "name": "data",
                        "start": {
                          "pos": 480,
                          "row": 17,
                          "col": 31
                        },
                        "end": {
                          "pos": 484,
                          "row": 17,
                          "col": 35
                        }
                      }
                    ],
                    "start": {
                      "pos": 453,
                      "row": 17,
                      "col": 4
                    },
                    "end": {
                      "pos": 485,
                      "row": 17,
                      "col": 36
                    }
                  },
                  "comment": null,
                  "start": {
                    "pos": 182,
                    "row": 11,
                    "col": 4
                  },
                  "end": {
                    "pos": 485,
                    "row": 17,
                    "col": 36
                  }
                },
                "rvalue": null,
                "comment": null,
                "start": {
                  "pos": 182,
                  "row": 11,
                  "col": 4
                },
                "end": {
                  "pos": 486,
                  "row": 17,
                  "col": 37
                }
              }
            ],
            "start": {
              "pos": 159,
              "row": 10,
              "col": 2
            },
            "end": {
              "pos": 490,
              "row": 18,
              "col": 3
            }
          },
          "rvalue": null,
          "comment": null,
          "start": {
            "pos": 159,
            "row": 10,
            "col": 2
          },
          "end": {
            "pos": 491,
            "row": 18,
            "col": 4
          }
        },
        "start": {
          "pos": 155,
          "row": 9,
          "col": 28
        },
        "end": {
          "pos": 493,
          "row": 19,
          "col": 1
        }
      },
      "comment": null,
      "start": {
        "pos": 127,
        "row": 9,
        "col": 0
      },
      "end": {
        "pos": 493,
        "row": 19,
        "col": 1
      }
    },
    "comment": null,
    "start": {
      "pos": 66,
      "row": 3,
      "col": 0
    },
    "end": {
      "pos": 493,
      "row": 19,
      "col": 1
    }
  }
}